Task 1: Finding a Nash equilibrium for a given payoff matrix
sat
Nash equilibrium probabilities (r s):
((r (/ 3.0 10.0))
 (s (/ 2.0 5.0)))
Task 2: Proving the existence of a Nash equilibrium an arbitrary payoff matrix
unknown
(goals
(goal
  (>= r 0.0)
  (<= r 1.0)
  (>= s 0.0)
  (<= s 1.0)
  (let ((a!1 (+ (* r rff s)
                (* r rfb (+ 1.0 (* (- 1.0) s)))
                (* rbf s (+ 1.0 (* (- 1.0) r)))
                (* rbb (+ 1.0 (* (- 1.0) r)) (+ 1.0 (* (- 1.0) s)))
                (* (- 1.0) rff s)
                (* (- 1.0) rfb (+ 1.0 (* (- 1.0) s))))))
    (<= 0.0 a!1))
  (let ((a!1 (* (- 1.0) (* sbb (+ 1.0 (* (- 1.0) r)))))
        (a!3 (* sbb (+ 1.0 (* (- 1.0) r)) (+ 1.0 (* (- 1.0) s))))
        (a!5 (* (- 1.0) (* sbf (+ 1.0 (* (- 1.0) r)))))
        (a!8 (* (- 1.0) (* r sfb (+ 1.0 (* (- 1.0) s)))))
        (a!9 (* (- 1.0) (* s sbf (+ 1.0 (* (- 1.0) r))))))
  (let ((a!2 (+ (* r sff)
                a!1
                (* (- 1.0) (* r sfb))
                (* sbf (+ 1.0 (* (- 1.0) r)))))
        (a!4 (+ (* r s sff)
                (* r sfb (+ 1.0 (* (- 1.0) s)))
                (* s sbf (+ 1.0 (* (- 1.0) r)))
                a!3
                (* (- 1.0) (* r sfb))
                a!1))
        (a!6 (+ (* (- 1.0) (* r sff))
                (* r sfb)
                a!5
                (* sbb (+ 1.0 (* (- 1.0) r)))))
        (a!10 (+ (* r sff)
                 (* sbf (+ 1.0 (* (- 1.0) r)))
                 (* (- 1.0) (* r s sff))
                 a!8
                 a!9
                 (* (- 1.0) a!3))))
  (let ((a!7 (or (= 0.0 a!4)
                 (and (not (<= 0.0 a!6)) (not (<= 0.0 a!4)))
                 (= 0.0 a!6)
                 (and (not (<= a!6 0.0)) (not (<= a!4 0.0)))))
        (a!11 (or (= 0.0 a!6)
                  (= 0.0 a!10)
                  (and (not (<= 0.0 a!6)) (not (<= 0.0 a!10)))
                  (and (not (<= a!6 0.0)) (not (<= a!10 0.0)))))
        (a!12 (not (or (= 0.0 a!6) (not (<= a!6 0.0))))))
    (not (and (not (= a!2 0.0)) (or (= a!4 0.0) (not a!7)) (not a!11) a!12)))))
  (let ((a!1 (+ (* (- 1.0) r rff s)
                (* (- 1.0) r rfb (+ 1.0 (* (- 1.0) s)))
                (* (- 1.0) rbf s (+ 1.0 (* (- 1.0) r)))
                (* (- 1.0) rbb (+ 1.0 (* (- 1.0) r)) (+ 1.0 (* (- 1.0) s)))
                (* rbf s)
                (* rbb (+ 1.0 (* (- 1.0) s))))))
    (or (not (<= 0.0 a!1)) (= 0.0 a!1)))
  (let ((a!1 (* (- 1.0) (* rbb (+ 1.0 (* (- 1.0) s)))))
        (a!3 (* rbb (+ 1.0 (* (- 1.0) r)) (+ 1.0 (* (- 1.0) s))))
        (a!5 (* (- 1.0) (* rfb (+ 1.0 (* (- 1.0) s)))))
        (a!8 (* (- 1.0) (* r rfb (+ 1.0 (* (- 1.0) s)))))
        (a!9 (* (- 1.0) (* rbf s (+ 1.0 (* (- 1.0) r))))))
  (let ((a!2 (+ (* rff s)
                a!1
                (* rfb (+ 1.0 (* (- 1.0) s)))
                (* (- 1.0) (* rbf s))))
        (a!4 (+ (* r rff s)
                (* r rfb (+ 1.0 (* (- 1.0) s)))
                (* rbf s (+ 1.0 (* (- 1.0) r)))
                a!3
                (* (- 1.0) (* rbf s))
                a!1))
        (a!6 (+ (* (- 1.0) (* rff s))
                a!5
                (* rbf s)
                (* rbb (+ 1.0 (* (- 1.0) s)))))
        (a!10 (+ (* rff s)
                 (* rfb (+ 1.0 (* (- 1.0) s)))
                 (* (- 1.0) (* r rff s))
                 a!8
                 a!9
                 (* (- 1.0) a!3))))
  (let ((a!7 (or (= 0.0 a!4)
                 (= 0.0 a!6)
                 (and (not (<= a!4 0.0)) (not (<= a!6 0.0)))
                 (and (not (<= 0.0 a!4)) (not (<= 0.0 a!6)))))
        (a!11 (or (= 0.0 a!10)
                  (= 0.0 a!6)
                  (and (not (<= a!6 0.0)) (not (<= a!10 0.0)))
                  (and (not (<= 0.0 a!6)) (not (<= 0.0 a!10)))))
        (a!12 (not (or (= 0.0 a!6) (not (<= a!6 0.0))))))
    (not (and (not (= a!2 0.0)) (or (not a!7) (= a!4 0.0)) (not a!11) a!12)))))
  (let ((a!1 (+ (* (- 1.0) r s sff)
                (* (- 1.0) r sfb (+ 1.0 (* (- 1.0) s)))
                (* (- 1.0) s sbf (+ 1.0 (* (- 1.0) r)))
                (* (- 1.0) sbb (+ 1.0 (* (- 1.0) r)) (+ 1.0 (* (- 1.0) s)))
                (* r sfb)
                (* sbb (+ 1.0 (* (- 1.0) r))))))
    (or (= 0.0 a!1) (not (<= 0.0 a!1))))
  (let ((a!1 (+ (* r s sff)
                (* r sfb (+ 1.0 (* (- 1.0) s)))
                (* s sbf (+ 1.0 (* (- 1.0) r)))
                (* sbb (+ 1.0 (* (- 1.0) r)) (+ 1.0 (* (- 1.0) s)))
                (* (- 1.0) r sff)
                (* (- 1.0) sbf (+ 1.0 (* (- 1.0) r))))))
    (<= 0.0 a!1))
  :precision precise :depth 1)
)
